// Jest Snapshot v1, https://goo.gl/fbAQLP

exports[`Select matches default snapshot 1`] = `
<div
  className="ant-select ant-select-enabled"
  onBlur={[Function]}
  onClick={[Function]}
  onContextMenu={undefined}
  onFocus={[Function]}
  onMouseDown={[Function]}
  onMouseEnter={undefined}
  onMouseLeave={undefined}
  onTouchStart={[Function]}
  style={
    Object {
      "minWidth": 120,
    }
  }
>
  <div
    aria-autocomplete="list"
    aria-expanded={false}
    aria-haspopup="true"
    className="ant-select-selection
            ant-select-selection--single"
    onKeyDown={[Function]}
    role="combobox"
    tabIndex={0}
  >
    <div
      className="ant-select-selection__rendered"
    />
    <span
      className="ant-select-arrow"
      onClick={[Function]}
      style={
        Object {
          "WebkitUserSelect": "none",
          "userSelect": "none",
        }
      }
      unselectable="on"
    >
      <b />
    </span>
  </div>
</div>
`;
